// Jest Snapshot v1, https://goo.gl/fbAQLP

exports[`<BannerSlider /> Deve renderizar o componente <BannerSlider /> com a propriedade vertical 1`] = `
<main
  class="sc-gEvEer hZnufx"
>
  <section
    class="sc-aXZVg gCSgjK"
  >
    <div
      class="slick-slider slick-vertical slick-initialized"
      dir="ltr"
    >
      <div
        class="slick-list"
        style="height: 0px;"
      >
        <div
          class="slick-track"
          style="opacity: 1; -webkit-transform: translate3d(0px, 0px, 0px); transform: translate3d(0px, 0px, 0px);"
        >
          <div
            aria-hidden="true"
            class="slick-slide slick-cloned"
            data-index="-1"
            style="width: 0px;"
            tabindex="-1"
          >
            <div>
              <div
                data-testid="Banner"
              />
            </div>
          </div>
          <div
            aria-hidden="false"
            class="slick-slide slick-active slick-current"
            data-index="0"
            style="outline: none; width: 0px;"
            tabindex="-1"
          >
            <div>
              <div
                data-testid="Banner"
              />
            </div>
          </div>
          <div
            aria-hidden="true"
            class="slick-slide"
            data-index="1"
            style="outline: none; width: 0px;"
            tabindex="-1"
          >
            <div>
              <div
                data-testid="Banner"
              />
            </div>
          </div>
          <div
            aria-hidden="true"
            class="slick-slide slick-cloned"
            data-index="2"
            style="width: 0px;"
            tabindex="-1"
          >
            <div>
              <div
                data-testid="Banner"
              />
            </div>
          </div>
          <div
            aria-hidden="true"
            class="slick-slide slick-cloned"
            data-index="3"
            style="width: 0px;"
            tabindex="-1"
          >
            <div>
              <div
                data-testid="Banner"
              />
            </div>
          </div>
        </div>
      </div>
      <ul
        class="slick-dots"
        style="display: block;"
      >
        <li
          class="slick-active"
        >
          <button>
            1
          </button>
        </li>
        <li
          class=""
        >
          <button>
            2
          </button>
        </li>
      </ul>
    </div>
  </section>
</main>
`;
